GET request failed. url=https://en.wikipedia.org/wiki/Non-existent-page, response_code=404
